npx : [baseline-browser-mapping] The data in this module is over two months old.  To ensure accurate Baseline data, 
please update: `npm i baseline-browser-mapping@latest -D`
At line:1 char:1
+ npx next build > build_output.txt 2>&1 ; Select-String -Path build_ou ...
+ ~~~~~~~~~~~~~~~~~~~~~~~~~~~~~~~~~~~~~~
    + CategoryInfo          : NotSpecified: ([baseline-brows...ping@latest -D`:String) [], RemoteException
    + FullyQualifiedErrorId : NativeCommandError
 
 ΓÜá Warning: Next.js inferred your workspace root, but it may not be correct.
 We detected multiple lockfiles and selected the directory of C:\Users\nati\package-lock.json as the root directory.
 To silence this warning, set `turbopack.root` in your Next.js config, or consider removing one of the lockfiles if 
it's not needed.
   See https://nextjs.org/docs/app/api-reference/config/next-config-js/turbopack#root-directory for more information.
 Detected additional lockfiles: 
   * C:\Users\nati\market-ai-v3\package-lock.json

   Γû▓ Next.js 16.0.8 (Turbopack)
   - Environments: .env.local

 ΓÜá The "middleware" file convention is deprecated. Please use "proxy" instead. Learn more: 
https://nextjs.org/docs/messages/middleware-to-proxy
   Creating an optimized production build ...
[baseline-browser-mapping] The data in this module is over two months old.  To ensure accurate Baseline data, please 
update: `npm i baseline-browser-mapping@latest -D`
 Γ£ô Compiled successfully in 14.6s
   Running TypeScript ...
   Collecting page data using 11 workers ...
[baseline-browser-mapping] The data in this module is over two months old.  To ensure accurate Baseline data, please 
update: `npm i baseline-browser-mapping@latest -D`
[baseline-browser-mapping] The data in this module is over two months old.  To ensure accurate Baseline data, please 
update: `npm i baseline-browser-mapping@latest -D`
[baseline-browser-mapping] The data in this module is over two months old.  To ensure accurate Baseline data, please 
update: `npm i baseline-browser-mapping@latest -D`
[baseline-browser-mapping] The data in this module is over two months old.  To ensure accurate Baseline data, please 
update: `npm i baseline-browser-mapping@latest -D`
[baseline-browser-mapping] The data in this module is over two months old.  To ensure accurate Baseline data, please 
update: `npm i baseline-browser-mapping@latest -D`
[baseline-browser-mapping] The data in this module is over two months old.  To ensure accurate Baseline data, please 
update: `npm i baseline-browser-mapping@latest -D`
[baseline-browser-mapping] The data in this module is over two months old.  To ensure accurate Baseline data, please 
update: `npm i baseline-browser-mapping@latest -D`
[baseline-browser-mapping] The data in this module is over two months old.  To ensure accurate Baseline data, please 
update: `npm i baseline-browser-mapping@latest -D`
[baseline-browser-mapping] The data in this module is over two months old.  To ensure accurate Baseline data, please 
update: `npm i baseline-browser-mapping@latest -D`
[baseline-browser-mapping] The data in this module is over two months old.  To ensure accurate Baseline data, please 
update: `npm i baseline-browser-mapping@latest -D`
[baseline-browser-mapping] The data in this module is over two months old.  To ensure accurate Baseline data, please 
update: `npm i baseline-browser-mapping@latest -D`
ADMIN_EMAIL env var missing ΓÇö using default for dev
ADMIN_EMAIL env var missing ΓÇö using default for dev
   Generating static pages using 11 workers (0/36) ...
[baseline-browser-mapping] The data in this module is over two months old.  To ensure accurate Baseline data, please 
update: `npm i baseline-browser-mapping@latest -D`
[baseline-browser-mapping] The data in this module is over two months old.  To ensure accurate Baseline data, please 
update: `npm i baseline-browser-mapping@latest -D`
ADMIN_EMAIL env var missing ΓÇö using default for dev
   Generating static pages using 11 workers (9/36) 
   Generating static pages using 11 workers (18/36) 
   Generating static pages using 11 workers (27/36) 
 Γ£ô Generating static pages using 11 workers (36/36) in 3.3s
   Finalizing page optimization ...

Route (app)
Γöî ╞Æ /
Γö£ Γùï /_not-found
Γö£ Γùï /about
Γö£ ╞Æ /admin
Γö£ ╞Æ /api/payment/callback
Γö£ ╞Æ /auth/confirm
Γö£ ╞Æ /auth/error
Γö£ Γùï /auth/forgot-password
Γö£ Γùï /auth/login
Γö£ Γùï /auth/sign-up
Γö£ Γùï /auth/sign-up-success
Γö£ ╞Æ /auth/signout
Γö£ Γùï /auth/update-password
Γö£ ╞Æ /book/[id]
Γö£ ╞Æ /book/success
Γö£ ╞Æ /buses
Γö£ Γùï /contact
Γö£ ╞Æ /dashboard
Γö£ ╞Æ /dashboard/new
Γö£ ╞Æ /dashboard/notes/[id]
Γö£ Γùï /home
Γö£ ╞Æ /hotels
Γö£ ╞Æ /listings
Γö£ ╞Æ /listings/[id]
Γö£ Γùï /listings/new
Γö£ ╞Æ /notes
Γö£ Γùï /opengraph-image.png
Γö£ ╞Æ /payment/[id]
Γö£ Γùï /privacy
Γö£ ╞Æ /profile
Γö£ ╞Æ /protected
Γö£ Γùï /requests
Γö£ Γùï /search
Γö£ ╞Æ /services
Γö£ ╞Æ /services/[id]
Γö£ Γùï /services/new
Γö£ Γùï /terms
Γö£ ╞Æ /transport
Γöö Γùï /twitter-image.png


╞Æ Proxy (Middleware)

Γùï  (Static)   prerendered as static content
╞Æ  (Dynamic)  server-rendered on demand

