app/admin/page.tsx(87,55): error TS2339: Property 'id' does not exist on type 'never'.
app/admin/page.tsx(90,82): error TS2339: Property 'id' does not exist on type 'never'.
app/admin/page.tsx(91,62): error TS2339: Property 'title' does not exist on type 'never'.
app/admin/page.tsx(95,58): error TS2339: Property 'category' does not exist on type 'never'.
app/admin/page.tsx(95,79): error TS2339: Property 'price' does not exist on type 'never'.
app/admin/page.tsx(98,74): error TS2339: Property 'id' does not exist on type 'never'.
app/admin/page.tsx(98,93): error TS2339: Property 'title' does not exist on type 'never'.
app/admin/page.tsx(117,55): error TS2339: Property 'id' does not exist on type 'never'.
app/admin/page.tsx(124,67): error TS2339: Property 'date' does not exist on type 'never'.
app/admin/page.tsx(125,93): error TS2339: Property 'status' does not exist on type 'never'.
app/admin/page.tsx(127,62): error TS2339: Property 'status' does not exist on type 'never'.
app/api/payment/callback/route.ts(46,31): error TS2339: Property 'services' does not exist on type 'never'.
app/api/payment/callback/route.ts(53,21): error TS2345: Argument of type '{ status: string; commission_amount: number; provider_earnings: number; }' is not assignable to parameter of type 'never'.
app/api/payment/callback/route.ts(70,14): error TS2769: No overload matches this call.
  Overload 1 of 2, '(values: never, options?: { count?: "exact" | "planned" | "estimated" | undefined; } | undefined): PostgrestFilterBuilder<{ PostgrestVersion: "12"; }, never, never, null, "notifications", never, "POST">', gave the following error.
    Argument of type '{ user_id: any; content: string; type: string; link: string; }' is not assignable to parameter of type 'never'.
  Overload 2 of 2, '(values: never[], options?: { count?: "exact" | "planned" | "estimated" | undefined; defaultToNull?: boolean | undefined; } | undefined): PostgrestFilterBuilder<{ PostgrestVersion: "12"; }, never, never, null, "notifications", never, "POST">', gave the following error.
    Object literal may only specify known properties, and 'user_id' does not exist in type 'never[]'.
app/api/payment/callback/route.ts(71,34): error TS2339: Property 'user_id' does not exist on type 'never'.
app/book/[id]/page.tsx(23,42): error TS2339: Property 'gallery' does not exist on type 'never'.
app/book/[id]/page.tsx(23,66): error TS2339: Property 'image_url' does not exist on type 'never'.
app/book/[id]/page.tsx(24,42): error TS2339: Property 'title' does not exist on type 'never'.
app/book/[id]/page.tsx(30,77): error TS2339: Property 'title' does not exist on type 'never'.
app/book/[id]/page.tsx(33,52): error TS2339: Property 'location' does not exist on type 'never'.
app/book/[id]/page.tsx(49,90): error TS2339: Property 'price' does not exist on type 'never'.
app/book/[id]/page.tsx(53,57): error TS2339: Property 'id' does not exist on type 'never'.
app/book/[id]/page.tsx(53,76): error TS2339: Property 'price' does not exist on type 'never'.
app/book/[id]/page.tsx(53,101): error TS2339: Property 'category' does not exist on type 'never'.
app/book/success/page.tsx(26,29): error TS2339: Property 'services' does not exist on type 'never'.
app/book/success/page.tsx(48,86): error TS2339: Property 'id' does not exist on type 'never'.
app/book/success/page.tsx(53,51): error TS2339: Property 'date' does not exist on type 'never'.
app/book/success/page.tsx(64,51): error TS2339: Property 'date' does not exist on type 'never'.
app/book/success/page.tsx(83,51): error TS2339: Property 'created_at' does not exist on type 'never'.
app/dashboard/new/page.tsx(24,56): error TS2769: No overload matches this call.
  Overload 1 of 2, '(values: never, options?: { count?: "exact" | "planned" | "estimated" | undefined; } | undefined): PostgrestFilterBuilder<{ PostgrestVersion: "12"; }, never, never, null, "notes", never, "POST">', gave the following error.
    Argument of type '{ title: string; }' is not assignable to parameter of type 'never'.
  Overload 2 of 2, '(values: never[], options?: { count?: "exact" | "planned" | "estimated" | undefined; defaultToNull?: boolean | undefined; } | undefined): PostgrestFilterBuilder<{ PostgrestVersion: "12"; }, never, never, null, "notes", never, "POST">', gave the following error.
    Object literal may only specify known properties, and 'title' does not exist in type 'never[]'.
app/dashboard/notes/[id]/page.tsx(32,42): error TS2339: Property 'title' does not exist on type 'never'.
app/dashboard/notes/[id]/page.tsx(37,31): error TS2339: Property 'content' does not exist on type 'never'.
app/dashboard/notes/[id]/page.tsx(38,70): error TS2339: Property 'content' does not exist on type 'never'.
app/dashboard/notes/[id]/page.tsx(44,40): error TS2339: Property 'id' does not exist on type 'never'.
app/listings/[id]/page.tsx(33,34): error TS2339: Property 'image_url' does not exist on type 'never'.
app/listings/[id]/page.tsx(35,46): error TS2339: Property 'image_url' does not exist on type 'never'.
app/listings/[id]/page.tsx(36,46): error TS2339: Property 'title' does not exist on type 'never'.
app/listings/[id]/page.tsx(47,78): error TS2339: Property 'title' does not exist on type 'never'.
app/listings/[id]/page.tsx(49,120): error TS2339: Property 'price' does not exist on type 'never'.
app/listings/[id]/page.tsx(55,42): error TS2339: Property 'category' does not exist on type 'never'.
app/listings/[id]/page.tsx(58,61): error TS2339: Property 'created_at' does not exist on type 'never'.
app/listings/[id]/page.tsx(68,46): error TS2339: Property 'description' does not exist on type 'never'.
app/listings/new/page.tsx(38,59): error TS2769: No overload matches this call.
  Overload 1 of 2, '(values: never, options?: { count?: "exact" | "planned" | "estimated" | undefined; } | undefined): PostgrestFilterBuilder<{ PostgrestVersion: "12"; }, never, never, null, "listings", never, "POST">', gave the following error.
    Argument of type '{ title: string; description: string; price: number; category: string; image_url: string; user_id: string; }' is not assignable to parameter of type 'never'.
  Overload 2 of 2, '(values: never[], options?: { count?: "exact" | "planned" | "estimated" | undefined; defaultToNull?: boolean | undefined; } | undefined): PostgrestFilterBuilder<{ PostgrestVersion: "12"; }, never, never, null, "listings", never, "POST">', gave the following error.
    Object literal may only specify known properties, and 'title' does not exist in type 'never[]'.
app/listings/page.tsx(51,48): error TS2339: Property 'id' does not exist on type 'never'.
app/listings/page.tsx(51,79): error TS2339: Property 'id' does not exist on type 'never'.
app/listings/page.tsx(54,50): error TS2339: Property 'image_url' does not exist on type 'never'.
app/listings/page.tsx(56,62): error TS2339: Property 'image_url' does not exist on type 'never'.
app/listings/page.tsx(57,62): error TS2339: Property 'title' does not exist on type 'never'.
app/listings/page.tsx(67,90): error TS2339: Property 'title' does not exist on type 'never'.
app/listings/page.tsx(68,95): error TS2339: Property 'category' does not exist on type 'never'.
app/listings/page.tsx(72,132): error TS2339: Property 'price' does not exist on type 'never'.
app/notes/page.tsx(21,23): error TS2339: Property 'id' does not exist on type 'never'.
app/notes/page.tsx(24,54): error TS2339: Property 'title' does not exist on type 'never'.
app/notes/page.tsx(25,65): error TS2339: Property 'id' does not exist on type 'never'.
app/payment/[id]/page.tsx(16,29): error TS2339: Property 'services' does not exist on type 'never'.
app/payment/[id]/page.tsx(43,65): error TS2339: Property 'date' does not exist on type 'never'.
app/payment/[id]/page.tsx(52,60): error TS2339: Property 'id' does not exist on type 'never'.
app/services/[id]/page.tsx(23,27): error TS2339: Property 'title' does not exist on type 'never'.
app/services/[id]/page.tsx(24,59): error TS2339: Property 'location' does not exist on type 'never'.
app/services/[id]/page.tsx(24,83): error TS2339: Property 'price' does not exist on type 'never'.
app/services/[id]/page.tsx(26,31): error TS2339: Property 'title' does not exist on type 'never'.
app/services/[id]/page.tsx(27,63): error TS2339: Property 'location' does not exist on type 'never'.
app/services/[id]/page.tsx(27,87): error TS2339: Property 'price' does not exist on type 'never'.
app/services/[id]/page.tsx(28,29): error TS2339: Property 'image_url' does not exist on type 'never'.
app/services/[id]/page.tsx(28,57): error TS2339: Property 'image_url' does not exist on type 'never'.
app/services/[id]/page.tsx(51,52): error TS2339: Property 'user_id' does not exist on type 'never'.
components/notification-bell.tsx(49,52): error TS2339: Property 'is_read' does not exist on type 'never'.
components/notification-bell.tsx(89,21): error TS2345: Argument of type '{ is_read: boolean; }' is not assignable to parameter of type 'never'.
components/notification-bell.tsx(103,21): error TS2345: Argument of type '{ is_read: boolean; }' is not assignable to parameter of type 'never'.
components/notification-bell.tsx(104,28): error TS2345: Argument of type 'string | null' is not assignable to parameter of type '{}'.
  Type 'null' is not assignable to type '{}'.
lib/actions/auth.ts(20,10): error TS2769: No overload matches this call.
  Overload 1 of 2, '(values: never, options?: { onConflict?: string | undefined; ignoreDuplicates?: boolean | undefined; count?: "exact" | "planned" | "estimated" | undefined; } | undefined): PostgrestFilterBuilder<{ ...; }, ... 5 more ..., "POST">', gave the following error.
    Argument of type '{ id: string; first_name: string; last_name: string; phone: string; }' is not assignable to parameter of type 'never'.
  Overload 2 of 2, '(values: never[], options?: { onConflict?: string | undefined; ignoreDuplicates?: boolean | undefined; count?: "exact" | "planned" | "estimated" | undefined; defaultToNull?: boolean | undefined; } | undefined): PostgrestFilterBuilder<...>', gave the following error.
    Object literal may only specify known properties, and 'id' does not exist in type 'never[]'.
lib/actions/auth.ts(68,10): error TS2769: No overload matches this call.
  Overload 1 of 2, '(values: never, options?: { onConflict?: string | undefined; ignoreDuplicates?: boolean | undefined; count?: "exact" | "planned" | "estimated" | undefined; } | undefined): PostgrestFilterBuilder<{ ...; }, ... 5 more ..., "POST">', gave the following error.
    Argument of type '{ id: string; full_name: string; phone_number: string; id_card_link: string; role: string; }' is not assignable to parameter of type 'never'.
  Overload 2 of 2, '(values: never[], options?: { onConflict?: string | undefined; ignoreDuplicates?: boolean | undefined; count?: "exact" | "planned" | "estimated" | undefined; defaultToNull?: boolean | undefined; } | undefined): PostgrestFilterBuilder<...>', gave the following error.
    Object literal may only specify known properties, and 'id' does not exist in type 'never[]'.
lib/actions/bookings.ts(43,14): error TS2769: No overload matches this call.
  Overload 1 of 2, '(values: never, options?: { count?: "exact" | "planned" | "estimated" | undefined; } | undefined): PostgrestFilterBuilder<{ PostgrestVersion: "12"; }, never, never, null, "bookings", never, "POST">', gave the following error.
    Argument of type '{ service_id: string; user_id: string; date: string; status: string; }' is not assignable to parameter of type 'never'.
  Overload 2 of 2, '(values: never[], options?: { count?: "exact" | "planned" | "estimated" | undefined; defaultToNull?: boolean | undefined; } | undefined): PostgrestFilterBuilder<{ PostgrestVersion: "12"; }, never, never, null, "bookings", never, "POST">', gave the following error.
    Object literal may only specify known properties, and 'service_id' does not exist in type 'never[]'.
lib/actions/bookings.ts(68,32): error TS2339: Property 'user_id' does not exist on type 'never'.
lib/actions/bookings.ts(73,18): error TS2769: No overload matches this call.
  Overload 1 of 2, '(values: never, options?: { count?: "exact" | "planned" | "estimated" | undefined; } | undefined): PostgrestFilterBuilder<{ PostgrestVersion: "12"; }, never, never, null, "notifications", never, "POST">', gave the following error.
    Argument of type '{ user_id: any; content: string; type: string; link: string; }' is not assignable to parameter of type 'never'.
  Overload 2 of 2, '(values: never[], options?: { count?: "exact" | "planned" | "estimated" | undefined; defaultToNull?: boolean | undefined; } | undefined): PostgrestFilterBuilder<{ PostgrestVersion: "12"; }, never, never, null, "notifications", never, "POST">', gave the following error.
    Object literal may only specify known properties, and 'user_id' does not exist in type 'never[]'.
lib/actions/bookings.ts(74,38): error TS2339: Property 'user_id' does not exist on type 'never'.
lib/actions/bookings.ts(75,65): error TS2339: Property 'title' does not exist on type 'never'.
lib/actions/bookings.ts(83,35): error TS2339: Property 'id' does not exist on type 'never'.
lib/actions/bookings.ts(135,10): error TS2769: No overload matches this call.
  Overload 1 of 2, '(values: never, options?: { count?: "exact" | "planned" | "estimated" | undefined; } | undefined): PostgrestFilterBuilder<{ PostgrestVersion: "12"; }, never, never, null, "bookings", never, "POST">', gave the following error.
    Argument of type '{ service_id: string; user_id: string; date: string; guests: number; status: string; }' is not assignable to parameter of type 'never'.
  Overload 2 of 2, '(values: never[], options?: { count?: "exact" | "planned" | "estimated" | undefined; defaultToNull?: boolean | undefined; } | undefined): PostgrestFilterBuilder<{ PostgrestVersion: "12"; }, never, never, null, "bookings", never, "POST">', gave the following error.
    Object literal may only specify known properties, and 'service_id' does not exist in type 'never[]'.
lib/actions/bookings.ts(158,28): error TS2339: Property 'user_id' does not exist on type 'never'.
lib/actions/bookings.ts(163,14): error TS2769: No overload matches this call.
  Overload 1 of 2, '(values: never, options?: { count?: "exact" | "planned" | "estimated" | undefined; } | undefined): PostgrestFilterBuilder<{ PostgrestVersion: "12"; }, never, never, null, "notifications", never, "POST">', gave the following error.
    Argument of type '{ user_id: any; content: string; link: string; type: string; }' is not assignable to parameter of type 'never'.
  Overload 2 of 2, '(values: never[], options?: { count?: "exact" | "planned" | "estimated" | undefined; defaultToNull?: boolean | undefined; } | undefined): PostgrestFilterBuilder<{ PostgrestVersion: "12"; }, never, never, null, "notifications", never, "POST">', gave the following error.
    Object literal may only specify known properties, and 'user_id' does not exist in type 'never[]'.
lib/actions/bookings.ts(164,34): error TS2339: Property 'user_id' does not exist on type 'never'.
lib/actions/bookings.ts(165,61): error TS2339: Property 'title' does not exist on type 'never'.
lib/actions/bookings.ts(173,45): error TS2339: Property 'id' does not exist on type 'never'.
lib/actions/bookings.ts(194,17): error TS2339: Property 'user_id' does not exist on type 'never'.
lib/actions/bookings.ts(235,44): error TS2339: Property 'id' does not exist on type 'never'.
lib/actions/bookings.ts(253,24): error TS2339: Property 'status' does not exist on type 'never'.
lib/actions/bookings.ts(255,19): error TS2339: Property 'provider_earnings' does not exist on type 'never'.
lib/actions/bookings.ts(256,32): error TS2339: Property 'provider_earnings' does not exist on type 'never'.
lib/actions/bookings.ts(258,29): error TS2339: Property 'services' does not exist on type 'never'.
lib/actions/bookings.ts(264,24): error TS2339: Property 'status' does not exist on type 'never'.
lib/actions/bookings.ts(266,19): error TS2339: Property 'provider_earnings' does not exist on type 'never'.
lib/actions/bookings.ts(267,32): error TS2339: Property 'provider_earnings' does not exist on type 'never'.
lib/actions/bookings.ts(269,29): error TS2339: Property 'services' does not exist on type 'never'.
lib/actions/bookings.ts(276,52): error TS2339: Property 'status' does not exist on type 'never'.
lib/actions/bookings.ts(279,24): error TS2339: Property 'status' does not exist on type 'never'.
lib/actions/bookings.ts(281,19): error TS2339: Property 'id' does not exist on type 'never'.
lib/actions/bookings.ts(282,30): error TS2339: Property 'services' does not exist on type 'never'.
lib/actions/bookings.ts(283,29): error TS2339: Property 'date' does not exist on type 'never'.
lib/actions/bookings.ts(284,23): error TS2339: Property 'provider_earnings' does not exist on type 'never'.
lib/actions/bookings.ts(284,54): error TS2339: Property 'provider_earnings' does not exist on type 'never'.
lib/actions/bookings.ts(284,77): error TS2339: Property 'services' does not exist on type 'never'.
lib/actions/bookings.ts(311,29): error TS2339: Property 'services' does not exist on type 'never'.
lib/actions/bookings.ts(316,43): error TS2339: Property 'status' does not exist on type 'never'.
lib/actions/bookings.ts(324,17): error TS2345: Argument of type '{ status: "confirmed" | "cancelled"; }' is not assignable to parameter of type 'never'.
lib/actions/bookings.ts(336,14): error TS2769: No overload matches this call.
  Overload 1 of 2, '(values: never, options?: { count?: "exact" | "planned" | "estimated" | undefined; } | undefined): PostgrestFilterBuilder<{ PostgrestVersion: "12"; }, never, never, null, "messages", never, "POST">', gave the following error.
    Argument of type '{ service_id: any; sender_id: string; receiver_id: any; content: string; }' is not assignable to parameter of type 'never'.
  Overload 2 of 2, '(values: never[], options?: { count?: "exact" | "planned" | "estimated" | undefined; defaultToNull?: boolean | undefined; } | undefined): PostgrestFilterBuilder<{ PostgrestVersion: "12"; }, never, never, null, "messages", never, "POST">', gave the following error.
    Object literal may only specify known properties, and 'service_id' does not exist in type 'never[]'.
lib/actions/bookings.ts(337,37): error TS2339: Property 'service_id' does not exist on type 'never'.
lib/actions/bookings.ts(339,38): error TS2339: Property 'user_id' does not exist on type 'never'.
lib/actions/bookings.ts(375,17): error TS2339: Property 'user_id' does not exist on type 'never'.
lib/actions/bookings.ts(380,17): error TS2339: Property 'status' does not exist on type 'never'.
lib/actions/bookings.ts(381,63): error TS2339: Property 'status' does not exist on type 'never'.
lib/actions/bookings.ts(390,17): error TS2345: Argument of type '{ status: string; }' is not assignable to parameter of type 'never'.
lib/actions/chat.ts(236,92): error TS2339: Property 'title' does not exist on type 'never'.
lib/actions/chat.ts(236,159): error TS2339: Property 'category' does not exist on type 'never'.
lib/actions/chat.ts(239,43): error TS2339: Property 'title' does not exist on type 'never'.
lib/actions/chat.ts(239,74): error TS2339: Property 'id' does not exist on type 'never'.
lib/actions/chat.ts(239,94): error TS2339: Property 'price' does not exist on type 'never'.
lib/actions/chat.ts(239,115): error TS2339: Property 'avg_rating' does not exist on type 'never'.
lib/actions/chat.ts(239,151): error TS2339: Property 'avg_rating' does not exist on type 'never'.
lib/actions/chat.ts(239,199): error TS2339: Property 'location' does not exist on type 'never'.
lib/actions/payments.ts(25,17): error TS2339: Property 'user_id' does not exist on type 'never'.
lib/actions/payments.ts(29,27): error TS2339: Property 'services' does not exist on type 'never'.
lib/actions/payments.ts(55,27): error TS2339: Property 'services' does not exist on type 'never'.
lib/actions/payments.ts(62,17): error TS2345: Argument of type '{ status: string; commission_amount: number; provider_earnings: number; }' is not assignable to parameter of type 'never'.
lib/actions/payments.ts(71,32): error TS2339: Property 'user_id' does not exist on type 'never'.
lib/actions/services.ts(156,52): error TS2339: Property 'user_id' does not exist on type 'never'.
lib/actions/services.ts(173,35): error TS2339: Property 'id' does not exist on type 'never'.
lib/actions/services.ts(183,39): error TS2339: Property 'user_id' does not exist on type 'never'.
lib/actions/services.ts(207,31): error TS2339: Property 'user_id' does not exist on type 'never'.
lib/actions/services.ts(207,43): error TS2339: Property 'user_id' does not exist on type 'never'.
lib/actions/services.ts(220,13): error TS2698: Spread types may only be created from object types.
lib/actions/services.ts(255,10): error TS2769: No overload matches this call.
  Overload 1 of 2, '(values: never, options?: { count?: "exact" | "planned" | "estimated" | undefined; } | undefined): PostgrestFilterBuilder<{ PostgrestVersion: "12"; }, never, never, null, "messages", never, "POST">', gave the following error.
    Argument of type '{ service_id: string; sender_id: string; receiver_id: string; content: string; }' is not assignable to parameter of type 'never'.
  Overload 2 of 2, '(values: never[], options?: { count?: "exact" | "planned" | "estimated" | undefined; defaultToNull?: boolean | undefined; } | undefined): PostgrestFilterBuilder<{ PostgrestVersion: "12"; }, never, never, null, "messages", never, "POST">', gave the following error.
    Object literal may only specify known properties, and 'service_id' does not exist in type 'never[]'.
lib/actions/services.ts(269,47): error TS2769: No overload matches this call.
  Overload 1 of 2, '(values: never, options?: { count?: "exact" | "planned" | "estimated" | undefined; } | undefined): PostgrestFilterBuilder<{ PostgrestVersion: "12"; }, never, never, null, "notifications", never, "POST">', gave the following error.
    Argument of type '{ user_id: string; content: string; link: string; type: string; }' is not assignable to parameter of type 'never'.
  Overload 2 of 2, '(values: never[], options?: { count?: "exact" | "planned" | "estimated" | undefined; defaultToNull?: boolean | undefined; } | undefined): PostgrestFilterBuilder<{ PostgrestVersion: "12"; }, never, never, null, "notifications", never, "POST">', gave the following error.
    Object literal may only specify known properties, and 'user_id' does not exist in type 'never[]'.
lib/actions/services.ts(302,14): error TS2769: No overload matches this call.
  Overload 1 of 2, '(values: never, options?: { count?: "exact" | "planned" | "estimated" | undefined; } | undefined): PostgrestFilterBuilder<{ PostgrestVersion: "12"; }, never, never, null, "services", never, "POST">', gave the following error.
    Argument of type '{ user_id: string; title: string; category: string; location: string; price: number; description: string; image_url?: string | undefined; latitude?: number | undefined; longitude?: number | undefined; }' is not assignable to parameter of type 'never'.
  Overload 2 of 2, '(values: never[], options?: { count?: "exact" | "planned" | "estimated" | undefined; defaultToNull?: boolean | undefined; } | undefined): PostgrestFilterBuilder<{ PostgrestVersion: "12"; }, never, never, null, "services", never, "POST">', gave the following error.
    Object literal may only specify known properties, and 'user_id' does not exist in type 'never[]'.
lib/actions/services.ts(316,36): error TS2339: Property 'id' does not exist on type 'never'.
lib/actions/services.ts(340,10): error TS2769: No overload matches this call.
  Overload 1 of 2, '(values: never, options?: { count?: "exact" | "planned" | "estimated" | undefined; } | undefined): PostgrestFilterBuilder<{ PostgrestVersion: "12"; }, never, never, null, "reviews", never, "POST">', gave the following error.
    Argument of type '{ service_id: string; user_id: string; rating: number; comment: string; }' is not assignable to parameter of type 'never'.
  Overload 2 of 2, '(values: never[], options?: { count?: "exact" | "planned" | "estimated" | undefined; defaultToNull?: boolean | undefined; } | undefined): PostgrestFilterBuilder<{ PostgrestVersion: "12"; }, never, never, null, "reviews", never, "POST">', gave the following error.
    Object literal may only specify known properties, and 'service_id' does not exist in type 'never[]'.
lib/actions/services.ts(385,14): error TS2769: No overload matches this call.
  Overload 1 of 2, '(values: never, options?: { count?: "exact" | "planned" | "estimated" | undefined; } | undefined): PostgrestFilterBuilder<{ PostgrestVersion: "12"; }, never, never, null, "favorites", never, "POST">', gave the following error.
    Argument of type '{ user_id: string; service_id: string; }' is not assignable to parameter of type 'never'.
  Overload 2 of 2, '(values: never[], options?: { count?: "exact" | "planned" | "estimated" | undefined; defaultToNull?: boolean | undefined; } | undefined): PostgrestFilterBuilder<{ PostgrestVersion: "12"; }, never, never, null, "favorites", never, "POST">', gave the following error.
    Object literal may only specify known properties, and 'user_id' does not exist in type 'never[]'.
lib/actions/services.ts(434,17): error TS2345: Argument of type '{ is_active: boolean; }' is not assignable to parameter of type 'never'.
lib/actions/services.ts(512,29): error TS2339: Property 'user_id' does not exist on type 'never'.
lib/actions/services.ts(539,29): error TS2339: Property 'user_id' does not exist on type 'never'.
lib/actions/services.ts(545,17): error TS2345: Argument of type '{ image_url: null; gallery: never[]; }' is not assignable to parameter of type 'never'.
lib/actions/services.ts(599,10): error TS2769: No overload matches this call.
  Overload 1 of 2, '(values: never, options?: { onConflict?: string | undefined; ignoreDuplicates?: boolean | undefined; count?: "exact" | "planned" | "estimated" | undefined; } | undefined): PostgrestFilterBuilder<{ ...; }, ... 5 more ..., "POST">', gave the following error.
    Argument of type '{ id: string; full_name: string; phone_number: string; id_card_link: string; role: string; }' is not assignable to parameter of type 'never'.
  Overload 2 of 2, '(values: never[], options?: { onConflict?: string | undefined; ignoreDuplicates?: boolean | undefined; count?: "exact" | "planned" | "estimated" | undefined; defaultToNull?: boolean | undefined; } | undefined): PostgrestFilterBuilder<...>', gave the following error.
    Object literal may only specify known properties, and 'id' does not exist in type 'never[]'.
lib/actions/services.ts(614,10): error TS2769: No overload matches this call.
  Overload 1 of 2, '(values: never, options?: { count?: "exact" | "planned" | "estimated" | undefined; } | undefined): PostgrestFilterBuilder<{ PostgrestVersion: "12"; }, never, never, null, "services", never, "POST">', gave the following error.
    Argument of type '{ title: string; category: string; location: string; price: number; description: string; image_url: string; user_id: string; latitude: number | null; longitude: number | null; }' is not assignable to parameter of type 'never'.
  Overload 2 of 2, '(values: never[], options?: { count?: "exact" | "planned" | "estimated" | undefined; defaultToNull?: boolean | undefined; } | undefined): PostgrestFilterBuilder<{ PostgrestVersion: "12"; }, never, never, null, "services", never, "POST">', gave the following error.
    Object literal may only specify known properties, and 'title' does not exist in type 'never[]'.
lib/actions/services.ts(633,35): error TS2339: Property 'id' does not exist on type 'never'.
lib/admin-actions.ts(128,36): error TS2339: Property 'full_name' does not exist on type 'never'.
lib/gallery-actions.ts(23,17): error TS2339: Property 'user_id' does not exist on type 'never'.
lib/gallery-actions.ts(33,35): error TS2339: Property 'images' does not exist on type 'never'.
lib/gallery-actions.ts(40,18): error TS2339: Property 'image_url' does not exist on type 'never'.
lib/gallery-actions.ts(47,17): error TS2345: Argument of type 'any' is not assignable to parameter of type 'never'.
lib/gallery-actions.ts(71,29): error TS2339: Property 'user_id' does not exist on type 'never'.
lib/gallery-actions.ts(75,35): error TS2339: Property 'images' does not exist on type 'never'.
lib/gallery-actions.ts(86,17): error TS2339: Property 'image_url' does not exist on type 'never'.
lib/gallery-actions.ts(92,17): error TS2345: Argument of type 'any' is not assignable to parameter of type 'never'.
